clippy	Run cargo clippy --all -- -D warnings	锘?026-07-18T14:30:00.5472725Z ##[group]Run cargo clippy --all -- -D warnings
clippy	Run cargo clippy --all -- -D warnings	2026-07-18T14:30:00.5473113Z ^[[36;1mcargo clippy --all -- -D warnings^[[0m
clippy	Run cargo clippy --all -- -D warnings	2026-07-18T14:30:00.5534525Z shell: /usr/bin/bash -e {0}
clippy	Run cargo clippy --all -- -D warnings	2026-07-18T14:30:00.5534792Z env:
clippy	Run cargo clippy --all -- -D warnings	2026-07-18T14:30:00.5535003Z   CARGO_TERM_COLOR: always
clippy	Run cargo clippy --all -- -D warnings	2026-07-18T14:30:00.5535427Z   CARGO_HOME: /home/runner/.cargo
clippy	Run cargo clippy --all -- -D warnings	2026-07-18T14:30:00.5535683Z   CARGO_INCREMENTAL: 0
clippy	Run cargo clippy --all -- -D warnings	2026-07-18T14:30:00.5535896Z ##[endgroup]
clippy	Run cargo clippy --all -- -D warnings	2026-07-18T14:30:00.6192062Z ^[[1m^[[92m    Updating^[[0m crates.io index
clippy	Run cargo clippy --all -- -D warnings	2026-07-18T14:30:00.9938433Z ^[[1m^[[92m Downloading^[[0m crates ...
clippy	Run cargo clippy --all -- -D warnings	2026-07-18T14:30:01.0583204Z ^[[1m^[[92m  Downloaded^[[0m bytes v1.12.1
clippy	Run cargo clippy --all -- -D warnings	2026-07-18T14:30:01.0647260Z ^[[1m^[[92m  Downloaded^[[0m futures-macro v0.3.32
clippy	Run cargo clippy --all -- -D warnings	2026-07-18T14:30:01.0659646Z ^[[1m^[[92m  Downloaded^[[0m async-trait v0.1.89
clippy	Run cargo clippy --all -- -D warnings	2026-07-18T14:30:01.0707289Z ^[[1m^[[92m  Downloaded^[[0m block-buffer v0.10.4
clippy	Run cargo clippy --all -- -D warnings	2026-07-18T14:30:01.0738817Z ^[[1m^[[92m  Downloaded^[[0m getrandom v0.4.3
clippy	Run cargo clippy --all -- -D warnings	2026-07-18T14:30:01.0783387Z ^[[1m^[[92m  Downloaded^[[0m find-msvc-tools v0.1.9
clippy	Run cargo clippy --all -- -D warnings	2026-07-18T14:30:01.0806443Z ^[[1m^[[92m  Downloaded^[[0m futures-core v0.3.32
clippy	Run cargo clippy --all -- -D warnings	2026-07-18T14:30:01.0825978Z ^[[1m^[[92m  Downloaded^[[0m displaydoc v0.2.6
clippy	Run cargo clippy --all -- -D warnings	2026-07-18T14:30:01.0869215Z ^[[1m^[[92m  Downloaded^[[0m fs_extra v1.3.0
clippy	Run cargo clippy --all -- -D warnings	2026-07-18T14:30:01.0883119Z ^[[1m^[[92m  Downloaded^[[0m dunce v1.0.5
clippy	Run cargo clippy --all -- -D warnings	2026-07-18T14:30:01.0895634Z ^[[1m^[[92m  Downloaded^[[0m futures-task v0.3.32
clippy	Run cargo clippy --all -- -D warnings	2026-07-18T14:30:01.0912194Z ^[[1m^[[92m  Downloaded^[[0m futures-executor v0.3.32
clippy	Run cargo clippy --all -- -D warnings	2026-07-18T14:30:01.0934094Z ^[[1m^[[92m  Downloaded^[[0m hmac v0.12.1
clippy	Run cargo clippy --all -- -D warnings	2026-07-18T14:30:01.0968336Z ^[[1m^[[92m  Downloaded^[[0m untrusted v0.9.0
clippy	Run cargo clippy --all -- -D warnings	2026-07-18T14:30:01.0998860Z ^[[1m^[[92m  Downloaded^[[0m aws-lc-rs v1.17.1
clippy	Run cargo clippy --all -- -D warnings	2026-07-18T14:30:01.1248764Z ^[[1m^[[92m  Downloaded^[[0m futures-sink v0.3.32
clippy	Run cargo clippy --all -- -D warnings	2026-07-18T14:30:01.1269233Z ^[[1m^[[92m  Downloaded^[[0m futures v0.3.32
clippy	Run cargo clippy --all -- -D warnings	2026-07-18T14:30:01.1360834Z ^[[1m^[[92m  Downloaded^[[0m futures-channel v0.3.32
clippy	Run cargo clippy --all -- -D warnings	2026-07-18T14:30:01.1397237Z ^[[1m^[[92m  Downloaded^[[0m generic-array v0.14.7
clippy	Run cargo clippy --all -- -D warnings	2026-07-18T14:30:01.1422809Z ^[[1m^[[92m  Downloaded^[[0m yoke v0.8.3
clippy	Run cargo clippy --all -- -D warnings	2026-07-18T14:30:01.1456966Z ^[[1m^[[92m  Downloaded^[[0m heck v0.5.0
clippy	Run cargo clippy --all -- -D warnings	2026-07-18T14:30:01.1470007Z ^[[1m^[[92m  Downloaded^[[0m digest v0.10.7
clippy	Run cargo clippy --all -- -D warnings	2026-07-18T14:30:01.1487553Z ^[[1m^[[92m  Downloaded^[[0m futures-io v0.3.32
clippy	Run cargo clippy --all -- -D warnings	2026-07-18T14:30:01.1495825Z ^[[1m^[[92m  Downloaded^[[0m getrandom v0.2.17
clippy	Run cargo clippy --all -- -D warnings	2026-07-18T14:30:01.1525744Z ^[[1m^[[92m  Downloaded^[[0m cc v1.2.67
clippy	Run cargo clippy --all -- -D warnings	2026-07-18T14:30:01.1555731Z ^[[1m^[[92m  Downloaded^[[0m pin-project-lite v0.2.17
clippy	Run cargo clippy --all -- -D warnings	2026-07-18T14:30:01.1615899Z ^[[1m^[[92m  Downloaded^[[0m proc-macro2 v1.0.106
clippy	Run cargo clippy --all -- -D warnings	2026-07-18T14:30:01.1645700Z ^[[1m^[[92m  Downloaded^[[0m futures-util v0.3.32
clippy	Run cargo clippy --all -- -D warnings	2026-07-18T14:30:01.1781782Z ^[[1m^[[92m  Downloaded^[[0m url v2.5.8
clippy	Run cargo clippy --all -- -D warnings	2026-07-18T14:30:01.1808519Z ^[[1m^[[92m  Downloaded^[[0m webpki-roots v0.26.11
clippy	Run cargo clippy --all -- -D warnings	2026-07-18T14:30:01.1821653Z ^[[1m^[[92m  Downloaded^[[0m scopeguard v1.2.0
clippy	Run cargo clippy --all -- -D warnings	2026-07-18T14:30:01.1834400Z ^[[1m^[[92m  Downloaded^[[0m unicode-normalization v0.1.25
clippy	Run cargo clippy --all -- -D warnings	2026-07-18T14:30:01.1869473Z ^[[1m^[[92m  Downloaded^[[0m rand_chacha v0.3.1
clippy	Run cargo clippy --all -- -D warnings	2026-07-18T14:30:01.1881301Z ^[[1m^[[92m  Downloaded^[[0m uuid v1.24.0
clippy	Run cargo clippy --all -- -D warnings	2026-07-18T14:30:01.1911846Z ^[[1m^[[92m  Downloaded^[[0m yoke-derive v0.8.2
clippy	Run cargo clippy --all -- -D warnings	2026-07-18T14:30:01.1924308Z ^[[1m^[[92m  Downloaded^[[0m potential_utf v0.1.5
clippy	Run cargo clippy --all -- -D warnings	2026-07-18T14:30:01.1935813Z ^[[1m^[[92m  Downloaded^[[0m cfg-if v1.0.4
clippy	Run cargo clippy --all -- -D warnings	2026-07-18T14:30:01.1949881Z ^[[1m^[[92m  Downloaded^[[0m linked-hash-map v0.5.6
clippy	Run cargo clippy --all -- -D warnings	2026-07-18T14:30:01.1960771Z ^[[1m^[[92m  Downloaded^[[0m unicode-ident v1.0.24
clippy	Run cargo clippy --all -- -D warnings	2026-07-18T14:30:01.1989728Z ^[[1m^[[92m  Downloaded^[[0m utf8_iter v1.0.4
clippy	Run cargo clippy --all -- -D warnings	2026-07-18T14:30:01.2001221Z ^[[1m^[[92m  Downloaded^[[0m jobserver v0.1.35
clippy	Run cargo clippy --all -- -D warnings	2026-07-18T14:30:01.2020513Z ^[[1m^[[92m  Downloaded^[[0m percent-encoding v2.3.2
clippy	Run cargo clippy --all -- -D warnings	2026-07-18T14:30:01.2029940Z ^[[1m^[[92m  Downloaded^[[0m shlex v2.0.1
clippy	Run cargo clippy --all -- -D warnings	2026-07-18T14:30:01.2043558Z ^[[1m^[[92m  Downloaded^[[0m version_check v0.9.5
clippy	Run cargo clippy --all -- -D warnings	2026-07-18T14:30:01.2056874Z ^[[1m^[[92m  Downloaded^[[0m zerovec-derive v0.11.3
clippy	Run cargo clippy --all -- -D warnings	2026-07-18T14:30:01.2072421Z ^[[1m^[[92m  Downloaded^[[0m form_urlencoded v1.2.2
clippy	Run cargo clippy --all -- -D warnings	2026-07-18T14:30:01.2081299Z ^[[1m^[[92m  Downloaded^[[0m tokio-macros v2.7.0
clippy	Run cargo clippy --all -- -D warnings	2026-07-18T14:30:01.2092478Z ^[[1m^[[92m  Downloaded^[[0m zerofrom-derive v0.1.7
clippy	Run cargo clippy --all -- -D warnings	2026-07-18T14:30:01.2103683Z ^[[1m^[[92m  Downloaded^[[0m idna_adapter v1.2.2
clippy	Run cargo clippy --all -- -D warnings	2026-07-18T14:30:01.2113793Z ^[[1m^[[92m  Downloaded^[[0m zerofrom v0.1.8
clippy	Run cargo clippy --all -- -D warnings	2026-07-18T14:30:01.2123716Z ^[[1m^[[92m  Downloaded^[[0m writeable v0.6.3
clippy	Run cargo clippy --all -- -D warnings	2026-07-18T14:30:01.2144760Z ^[[1m^[[92m  Downloaded^[[0m zeroize v1.9.0
clippy	Run cargo clippy --all -- -D warnings	2026-07-18T14:30:01.2161105Z ^[[1m^[[92m  Downloaded^[[0m zerotrie v0.2.4
clippy	Run cargo clippy --all -- -D warnings	2026-07-18T14:30:01.2202492Z ^[[1m^[[92m  Downloaded^[[0m webpki-roots v1.0.8
clippy	Run cargo clippy --all -- -D warnings	2026-07-18T14:30:01.2233200Z ^[[1m^[[92m  Downloaded^[[0m zerocopy-derive v0.8.54
clippy	Run cargo clippy --all -- -D warnings	2026-07-18T14:30:01.2329374Z ^[[1m^[[92m  Downloaded^[[0m zerovec v0.11.6
clippy	Run cargo clippy --all -- -D warnings	2026-07-18T14:30:01.2391420Z ^[[1m^[[92m  Downloaded^[[0m pkg-config v0.3.33
clippy	Run cargo clippy --all -- -D warnings	2026-07-18T14:30:01.2408176Z ^[[1m^[[92m  Downloaded^[[0m zerocopy v0.8.54
clippy	Run cargo clippy --all -- -D warnings	2026-07-18T14:30:01.2630855Z ^[[1m^[[92m  Downloaded^[[0m md-5 v0.10.6
clippy	Run cargo clippy --all -- -D warnings	2026-07-18T14:30:01.2647004Z ^[[1m^[[92m  Downloaded^[[0m stable_deref_trait v1.2.1
clippy	Run cargo clippy --all -- -D warnings	2026-07-18T14:30:01.2656825Z ^[[1m^[[92m  Downloaded^[[0m crypto-common v0.1.7
clippy	Run cargo clippy --all -- -D warnings	2026-07-18T14:30:01.2666489Z ^[[1m^[[92m  Downloaded^[[0m data-encoding v2.11.0
clippy	Run cargo clippy --all -- -D warnings	2026-07-18T14:30:01.2676954Z ^[[1m^[[92m  Downloaded^[[0m errno v0.3.14
clippy	Run cargo clippy --all -- -D warnings	2026-07-18T14:30:01.2693157Z ^[[1m^[[92m  Downloaded^[[0m lock_api v0.4.14
clippy	Run cargo clippy --all -- -D warnings	2026-07-18T14:30:01.2706342Z ^[[1m^[[92m  Downloaded^[[0m ppv-lite86 v0.2.21
clippy	Run cargo clippy --all -- -D warnings	2026-07-18T14:30:01.2719938Z ^[[1m^[[92m  Downloaded^[[0m enum-as-inner v0.6.1
clippy	Run cargo clippy --all -- -D warnings	2026-07-18T14:30:01.2736742Z ^[[1m^[[92m  Downloaded^[[0m subtle v2.6.1
clippy	Run cargo clippy --all -- -D warnings	2026-07-18T14:30:01.2749346Z ^[[1m^[[92m  Downloaded^[[0m tinystr v0.8.3
clippy	Run cargo clippy --all -- -D warnings	2026-07-18T14:30:01.2770725Z ^[[1m^[[92m  Downloaded^[[0m icu_collections v2.2.0
clippy	Run cargo clippy --all -- -D warnings	2026-07-18T14:30:01.2842981Z ^[[1m^[[92m  Downloaded^[[0m litemap v0.8.2
clippy	Run cargo clippy --all -- -D warnings	2026-07-18T14:30:01.2867481Z ^[[1m^[[92m  Downloaded^[[0m rustls-pki-types v1.15.0
clippy	Run cargo clippy --all -- -D warnings	2026-07-18T14:30:01.2894226Z ^[[1m^[[92m  Downloaded^[[0m tinyvec_macros v0.1.1
clippy	Run cargo clippy --all -- -D warnings	2026-07-18T14:30:01.2903269Z ^[[1m^[[92m  Downloaded^[[0m lru-cache v0.1.2
clippy	Run cargo clippy --all -- -D warnings	2026-07-18T14:30:01.2914894Z ^[[1m^[[92m  Downloaded^[[0m ipnet v2.12.0
clippy	Run cargo clippy --all -- -D warnings	2026-07-18T14:30:01.2931636Z ^[[1m^[[92m  Downloaded^[[0m cmake v0.1.58
clippy	Run cargo clippy --all -- -D warnings	2026-07-18T14:30:01.2947518Z ^[[1m^[[92m  Downloaded^[[0m resolv-conf v0.7.6
clippy	Run cargo clippy --all -- -D warnings	2026-07-18T14:30:01.2966991Z ^[[1m^[[92m  Downloaded^[[0m slab v0.4.12
clippy	Run cargo clippy --all -- -D warnings	2026-07-18T14:30:01.2989122Z ^[[1m^[[92m  Downloaded^[[0m thiserror-impl v1.0.69
clippy	Run cargo clippy --all -- -D warnings	2026-07-18T14:30:01.3006804Z ^[[1m^[[92m  Downloaded^[[0m serde_derive v1.0.228
clippy	Run cargo clippy --all -- -D warnings	2026-07-18T14:30:01.3040382Z ^[[1m^[[92m  Downloaded^[[0m signal-hook-registry v1.4.8
clippy	Run cargo clippy --all -- -D warnings	2026-07-18T14:30:01.3053233Z ^[[1m^[[92m  Downloaded^[[0m synstructure v0.13.2
clippy	Run cargo clippy --all -- -D warnings	2026-07-18T14:30:01.3063947Z ^[[1m^[[92m  Downloaded^[[0m thiserror v1.0.69
clippy	Run cargo clippy --all -- -D warnings	2026-07-18T14:30:01.3122785Z ^[[1m^[[92m  Downloaded^[[0m once_cell v1.21.4
clippy	Run cargo clippy --all -- -D warnings	2026-07-18T14:30:01.3148718Z ^[[1m^[[92m  Downloaded^[[0m parking_lot v0.12.5
clippy	Run cargo clippy --all -- -D warnings	2026-07-18T14:30:01.3174334Z ^[[1m^[[92m  Downloaded^[[0m quote v1.0.46
clippy	Run cargo clippy --all -- -D warnings	2026-07-18T14:30:01.3202454Z ^[[1m^[[92m  Downloaded^[[0m rand_core v0.6.4
clippy	Run cargo clippy --all -- -D warnings	2026-07-18T14:30:01.3216333Z ^[[1m^[[92m  Downloaded^[[0m serde_core v1.0.228
clippy	Run cargo clippy --all -- -D warnings	2026-07-18T14:30:01.3244637Z ^[[1m^[[92m  Downloaded^[[0m tracing-attributes v0.1.31
clippy	Run cargo clippy --all -- -D warnings	2026-07-18T14:30:01.3272475Z ^[[1m^[[92m  Downloaded^[[0m parking_lot_core v0.9.12
clippy	Run cargo clippy --all -- -D warnings	2026-07-18T14:30:01.3293888Z ^[[1m^[[92m  Downloaded^[[0m smallvec v1.15.2
clippy	Run cargo clippy --all -- -D warnings	2026-07-18T14:30:01.3308360Z ^[[1m^[[92m  Downloaded^[[0m socket2 v0.6.5
clippy	Run cargo clippy --all -- -D warnings	2026-07-18T14:30:01.3327030Z ^[[1m^[[92m  Downloaded^[[0m tokio-rustls v0.26.4
clippy	Run cargo clippy --all -- -D warnings	2026-07-18T14:30:01.3348344Z ^[[1m^[[92m  Downloaded^[[0m rand v0.8.7
clippy	Run cargo clippy --all -- -D warnings	2026-07-18T14:30:01.3382023Z ^[[1m^[[92m  Downloaded^[[0m unicode-bidi v0.3.18
clippy	Run cargo clippy --all -- -D warnings	2026-07-18T14:30:01.3407001Z ^[[1m^[[92m  Downloaded^[[0m log v0.4.33
clippy	Run cargo clippy --all -- -D warnings	2026-07-18T14:30:01.3432998Z ^[[1m^[[92m  Downloaded^[[0m icu_properties v2.2.0
clippy	Run cargo clippy --all -- -D warnings	2026-07-18T14:30:01.3456475Z ^[[1m^[[92m  Downloaded^[[0m icu_provider v2.2.0
clippy	Run cargo clippy --all -- -D warnings	2026-07-18T14:30:01.3483076Z ^[[1m^[[92m  Downloaded^[[0m tinyvec v1.12.0
clippy	Run cargo clippy --all -- -D warnings	2026-07-18T14:30:01.3510198Z ^[[1m^[[92m  Downloaded^[[0m tracing-core v0.1.36
clippy	Run cargo clippy --all -- -D warnings	2026-07-18T14:30:01.3537268Z ^[[1m^[[92m  Downloaded^[[0m icu_locale_core v2.2.0
clippy	Run cargo clippy --all -- -D warnings	2026-07-18T14:30:01.3609245Z ^[[1m^[[92m  Downloaded^[[0m icu_normalizer_data v2.2.0
clippy	Run cargo clippy --all -- -D warnings	2026-07-18T14:30:01.3630596Z ^[[1m^[[92m  Downloaded^[[0m icu_normalizer v2.2.0
clippy	Run cargo clippy --all -- -D warnings	2026-07-18T14:30:01.3667897Z ^[[1m^[[92m  Downloaded^[[0m rustls-webpki v0.103.13
clippy	Run cargo clippy --all -- -D warnings	2026-07-18T14:30:01.3699060Z ^[[1m^[[92m  Downloaded^[[0m trust-dns-resolver v0.23.2
clippy	Run cargo clippy --all -- -D warnings	2026-07-18T14:30:01.3739853Z ^[[1m^[[92m  Downloaded^[[0m typenum v1.20.1
clippy	Run cargo clippy --all -- -D warnings	2026-07-18T14:30:01.3775025Z ^[[1m^[[92m  Downloaded^[[0m memchr v2.8.3
clippy	Run cargo clippy --all -- -D warnings	2026-07-18T14:30:01.3831342Z ^[[1m^[[92m  Downloaded^[[0m mio v1.2.2
clippy	Run cargo clippy --all -- -D warnings	2026-07-18T14:30:01.3894973Z ^[[1m^[[92m  Downloaded^[[0m serde v1.0.228
clippy	Run cargo clippy --all -- -D warnings	2026-07-18T14:30:01.3930306Z ^[[1m^[[92m  Downloaded^[[0m idna v1.1.0
clippy	Run cargo clippy --all -- -D warnings	2026-07-18T14:30:01.3965394Z ^[[1m^[[92m  Downloaded^[[0m icu_properties_data v2.2.0
clippy	Run cargo clippy --all -- -D warnings	2026-07-18T14:30:01.4077357Z ^[[1m^[[92m  Downloaded^[[0m tokio-util v0.7.18
clippy	Run cargo clippy --all -- -D warnings	2026-07-18T14:30:01.4156931Z ^[[1m^[[92m  Downloaded^[[0m syn v2.0.119
clippy	Run cargo clippy --all -- -D warnings	2026-07-18T14:30:01.4265377Z ^[[1m^[[92m  Downloaded^[[0m idna v0.4.0
clippy	Run cargo clippy --all -- -D warnings	2026-07-18T14:30:01.4319558Z ^[[1m^[[92m  Downloaded^[[0m trust-dns-proto v0.23.2
clippy	Run cargo clippy --all -- -D warnings	2026-07-18T14:30:01.4472502Z ^[[1m^[[92m  Downloaded^[[0m rustls v0.23.42
clippy	Run cargo clippy --all -- -D warnings	2026-07-18T14:30:01.4593008Z ^[[1m^[[92m  Downloaded^[[0m tracing v0.1.44
clippy	Run cargo clippy --all -- -D warnings	2026-07-18T14:30:01.4754876Z ^[[1m^[[92m  Downloaded^[[0m libc v0.2.186
clippy	Run cargo clippy --all -- -D warnings	2026-07-18T14:30:01.5161603Z ^[[1m^[[92m  Downloaded^[[0m tokio v1.52.4
clippy	Run cargo clippy --all -- -D warnings	2026-07-18T14:30:01.5656904Z ^[[1m^[[92m  Downloaded^[[0m ring v0.17.14
clippy	Run cargo clippy --all -- -D warnings	2026-07-18T14:30:01.6096428Z ^[[1m^[[92m  Downloaded^[[0m aws-lc-sys v0.42.0
clippy	Run cargo clippy --all -- -D warnings	2026-07-18T14:30:01.9197133Z ^[[1m^[[92m   Compiling^[[0m proc-macro2 v1.0.106
clippy	Run cargo clippy --all -- -D warnings	2026-07-18T14:30:01.9198709Z ^[[1m^[[92m   Compiling^[[0m quote v1.0.46
clippy	Run cargo clippy --all -- -D warnings	2026-07-18T14:30:01.9199639Z ^[[1m^[[92m   Compiling^[[0m unicode-ident v1.0.24
clippy	Run cargo clippy --all -- -D warnings	2026-07-18T14:30:01.9200372Z ^[[1m^[[92m   Compiling^[[0m libc v0.2.186
clippy	Run cargo clippy --all -- -D warnings	2026-07-18T14:30:01.9809340Z ^[[1m^[[92m    Checking^[[0m cfg-if v1.0.4
clippy	Run cargo clippy --all -- -D warnings	2026-07-18T14:30:02.0027269Z ^[[1m^[[92m    Checking^[[0m stable_deref_trait v1.2.1
clippy	Run cargo clippy --all -- -D warnings	2026-07-18T14:30:02.0233759Z ^[[1m^[[92m    Checking^[[0m pin-project-lite v0.2.17
clippy	Run cargo clippy --all -- -D warnings	2026-07-18T14:30:02.0489804Z ^[[1m^[[92m   Compiling^[[0m find-msvc-tools v0.1.9
clippy	Run cargo clippy --all -- -D warnings	2026-07-18T14:30:02.1496992Z ^[[1m^[[92m   Compiling^[[0m shlex v2.0.1
clippy	Run cargo clippy --all -- -D warnings	2026-07-18T14:30:02.2187129Z ^[[1m^[[92m    Checking^[[0m smallvec v1.15.2
clippy	Run cargo clippy --all -- -D warnings	2026-07-18T14:30:02.2956639Z ^[[1m^[[92m    Checking^[[0m once_cell v1.21.4
clippy	Run cargo clippy --all -- -D warnings	2026-07-18T14:30:02.3624637Z ^[[1m^[[92m    Checking^[[0m bytes v1.12.1
clippy	Run cargo clippy --all -- -D warnings	2026-07-18T14:30:02.6078494Z ^[[1m^[[92m   Compiling^[[0m thiserror v1.0.69
clippy	Run cargo clippy --all -- -D warnings	2026-07-18T14:30:02.7718031Z ^[[1m^[[92m   Compiling^[[0m fs_extra v1.3.0
clippy	Run cargo clippy --all -- -D warnings	2026-07-18T14:30:02.9718953Z ^[[1m^[[92m   Compiling^[[0m dunce v1.0.5
clippy	Run cargo clippy --all -- -D warnings	2026-07-18T14:30:03.0069396Z ^[[1m^[[92m   Compiling^[[0m pkg-config v0.3.33
clippy	Run cargo clippy --all -- -D warnings	2026-07-18T14:30:03.4589235Z ^[[1m^[[92m    Checking^[[0m writeable v0.6.3
clippy	Run cargo clippy --all -- -D warnings	2026-07-18T14:30:03.5737777Z ^[[1m^[[92m   Compiling^[[0m syn v2.0.119
clippy	Run cargo clippy --all -- -D warnings	2026-07-18T14:30:03.6059269Z ^[[1m^[[92m    Checking^[[0m litemap v0.8.2
clippy	Run cargo clippy --all -- -D warnings	2026-07-18T14:30:03.6769250Z ^[[1m^[[92m    Checking^[[0m tracing-core v0.1.36
clippy	Run cargo clippy --all -- -D warnings	2026-07-18T14:30:03.7139275Z ^[[1m^[[92m   Compiling^[[0m jobserver v0.1.35
clippy	Run cargo clippy --all -- -D warnings	2026-07-18T14:30:03.7279749Z ^[[1m^[[92m   Compiling^[[0m getrandom v0.4.3
clippy	Run cargo clippy --all -- -D warnings	2026-07-18T14:30:03.8479061Z ^[[1m^[[92m   Compiling^[[0m icu_normalizer_data v2.2.0
clippy	Run cargo clippy --all -- -D warnings	2026-07-18T14:30:03.9379724Z ^[[1m^[[92m   Compiling^[[0m cc v1.2.67
clippy	Run cargo clippy --all -- -D warnings	2026-07-18T14:30:03.9469036Z ^[[1m^[[92m   Compiling^[[0m parking_lot_core v0.9.12
clippy	Run cargo clippy --all -- -D warnings	2026-07-18T14:30:03.9839265Z ^[[1m^[[92m   Compiling^[[0m icu_properties_data v2.2.0
clippy	Run cargo clippy --all -- -D warnings	2026-07-18T14:30:04.0752757Z ^[[1m^[[92m    Checking^[[0m utf8_iter v1.0.4
clippy	Run cargo clippy --all -- -D warnings	2026-07-18T14:30:04.1109152Z ^[[1m^[[92m   Compiling^[[0m zerocopy v0.8.54
clippy	Run cargo clippy --all -- -D warnings	2026-07-18T14:30:04.1349543Z ^[[1m^[[92m    Checking^[[0m futures-core v0.3.32
clippy	Run cargo clippy --all -- -D warnings	2026-07-18T14:30:04.1899310Z ^[[1m^[[92m    Checking^[[0m futures-sink v0.3.32
clippy	Run cargo clippy --all -- -D warnings	2026-07-18T14:30:04.2309717Z ^[[1m^[[92m    Checking^[[0m scopeguard v1.2.0
clippy	Run cargo clippy --all -- -D warnings	2026-07-18T14:30:04.2669240Z ^[[1m^[[92m    Checking^[[0m zeroize v1.9.0
clippy	Run cargo clippy --all -- -D warnings	2026-07-18T14:30:04.3649745Z ^[[1m^[[92m    Checking^[[0m lock_api v0.4.14
clippy	Run cargo clippy --all -- -D warnings	2026-07-18T14:30:04.5880731Z ^[[1m^[[92m    Checking^[[0m errno v0.3.14
clippy	Run cargo clippy --all -- -D warnings	2026-07-18T14:30:04.6120106Z ^[[1m^[[92m   Compiling^[[0m aws-lc-rs v1.17.1
clippy	Run cargo clippy --all -- -D warnings	2026-07-18T14:30:04.6424920Z ^[[1m^[[92m    Checking^[[0m signal-hook-registry v1.4.8
clippy	Run cargo clippy --all -- -D warnings	2026-07-18T14:30:04.7457798Z ^[[1m^[[92m   Compiling^[[0m cmake v0.1.58
clippy	Run cargo clippy --all -- -D warnings	2026-07-18T14:30:04.7709862Z ^[[1m^[[92m    Checking^[[0m parking_lot v0.12.5
clippy	Run cargo clippy --all -- -D warnings	2026-07-18T14:30:04.9099422Z ^[[1m^[[92m    Checking^[[0m uuid v1.24.0
clippy	Run cargo clippy --all -- -D warnings	2026-07-18T14:30:05.1021268Z ^[[1m^[[92m    Checking^[[0m rustls-pki-types v1.15.0
clippy	Run cargo clippy --all -- -D warnings	2026-07-18T14:30:05.3578781Z ^[[1m^[[92m    Checking^[[0m futures-channel v0.3.32
clippy	Run cargo clippy --all -- -D warnings	2026-07-18T14:30:05.4639534Z ^[[1m^[[92m   Compiling^[[0m aws-lc-sys v0.42.0
clippy	Run cargo clippy --all -- -D warnings	2026-07-18T14:30:05.4879648Z ^[[1m^[[92m    Checking^[[0m mio v1.2.2
clippy	Run cargo clippy --all -- -D warnings	2026-07-18T14:30:05.7239458Z ^[[1m^[[92m    Checking^[[0m socket2 v0.6.5
clippy	Run cargo clippy --all -- -D warnings	2026-07-18T14:30:05.9595507Z ^[[1m^[[92m    Checking^[[0m getrandom v0.2.17
clippy	Run cargo clippy --all -- -D warnings	2026-07-18T14:30:06.0479576Z ^[[1m^[[92m    Checking^[[0m memchr v2.8.3
clippy	Run cargo clippy --all -- -D warnings	2026-07-18T14:30:06.4083847Z ^[[1m^[[92m   Compiling^[[0m version_check v0.9.5
clippy	Run cargo clippy --all -- -D warnings	2026-07-18T14:30:06.6298555Z ^[[1m^[[92m    Checking^[[0m subtle v2.6.1
clippy	Run cargo clippy --all -- -D warnings	2026-07-18T14:30:06.6775304Z ^[[1m^[[92m    Checking^[[0m tinyvec_macros v0.1.1
clippy	Run cargo clippy --all -- -D warnings	2026-07-18T14:30:06.6924996Z ^[[1m^[[92m    Checking^[[0m slab v0.4.12
clippy	Run cargo clippy --all -- -D warnings	2026-07-18T14:30:06.7550660Z ^[[1m^[[92m    Checking^[[0m futures-task v0.3.32
clippy	Run cargo clippy --all -- -D warnings	2026-07-18T14:30:06.8073485Z ^[[1m^[[92m    Checking^[[0m futures-io v0.3.32
clippy	Run cargo clippy --all -- -D warnings	2026-07-18T14:30:06.8448445Z ^[[1m^[[92m    Checking^[[0m tinyvec v1.12.0
clippy	Run cargo clippy --all -- -D warnings	2026-07-18T14:30:07.0293806Z ^[[1m^[[92m   Compiling^[[0m synstructure v0.13.2
clippy	Run cargo clippy --all -- -D warnings	2026-07-18T14:30:07.4003771Z ^[[1m^[[92m   Compiling^[[0m generic-array v0.14.7
clippy	Run cargo clippy --all -- -D warnings	2026-07-18T14:30:07.4754980Z ^[[1m^[[92m    Checking^[[0m rand_core v0.6.4
clippy	Run cargo clippy --all -- -D warnings	2026-07-18T14:30:07.5733233Z ^[[1m^[[92m    Checking^[[0m percent-encoding v2.3.2
clippy	Run cargo clippy --all -- -D warnings	2026-07-18T14:30:07.6416705Z ^[[1m^[[92m    Checking^[[0m form_urlencoded v1.2.2
clippy	Run cargo clippy --all -- -D warnings	2026-07-18T14:30:07.7156916Z ^[[1m^[[92m    Checking^[[0m unicode-normalization v0.1.25
clippy	Run cargo clippy --all -- -D warnings	2026-07-18T14:30:08.0355884Z ^[[1m^[[92m    Checking^[[0m unicode-bidi v0.3.18
clippy	Run cargo clippy --all -- -D warnings	2026-07-18T14:30:08.2217407Z ^[[1m^[[92m    Checking^[[0m ppv-lite86 v0.2.21
clippy	Run cargo clippy --all -- -D warnings	2026-07-18T14:30:08.2597562Z ^[[1m^[[92m    Checking^[[0m untrusted v0.9.0
clippy	Run cargo clippy --all -- -D warnings	2026-07-18T14:30:08.3035059Z ^[[1m^[[92m   Compiling^[[0m heck v0.5.0
clippy	Run cargo clippy --all -- -D warnings	2026-07-18T14:30:08.3600652Z ^[[1m^[[92m   Compiling^[[0m zerofrom-derive v0.1.7
clippy	Run cargo clippy --all -- -D warnings	2026-07-18T14:30:08.4508832Z ^[[1m^[[92m   Compiling^[[0m yoke-derive v0.8.2
clippy	Run cargo clippy --all -- -D warnings	2026-07-18T14:30:08.4656289Z ^[[1m^[[92m   Compiling^[[0m zerovec-derive v0.11.3
clippy	Run cargo clippy --all -- -D warnings	2026-07-18T14:30:09.2019998Z ^[[1m^[[92m   Compiling^[[0m displaydoc v0.2.6
clippy	Run cargo clippy --all -- -D warnings	2026-07-18T14:30:09.3179135Z ^[[1m^[[92m    Checking^[[0m zerofrom v0.1.8
clippy	Run cargo clippy --all -- -D warnings	2026-07-18T14:30:09.3250828Z ^[[1m^[[92m   Compiling^[[0m tracing-attributes v0.1.31
clippy	Run cargo clippy --all -- -D warnings	2026-07-18T14:30:09.3633394Z ^[[1m^[[92m    Checking^[[0m yoke v0.8.3
clippy	Run cargo clippy --all -- -D warnings	2026-07-18T14:30:09.4415187Z ^[[1m^[[92m    Checking^[[0m zerovec v0.11.6
clippy	Run cargo clippy --all -- -D warnings	2026-07-18T14:30:09.7500426Z ^[[1m^[[92m    Checking^[[0m zerotrie v0.2.4
clippy	Run cargo clippy --all -- -D warnings	2026-07-18T14:30:09.8127312Z ^[[1m^[[92m    Checking^[[0m tinystr v0.8.3
clippy	Run cargo clippy --all -- -D warnings	2026-07-18T14:30:09.9019046Z ^[[1m^[[92m    Checking^[[0m potential_utf v0.1.5
clippy	Run cargo clippy --all -- -D warnings	2026-07-18T14:30:09.9119479Z ^[[1m^[[92m    Checking^[[0m icu_locale_core v2.2.0
clippy	Run cargo clippy --all -- -D warnings	2026-07-18T14:30:09.9513675Z ^[[1m^[[92m   Compiling^[[0m thiserror-impl v1.0.69
clippy	Run cargo clippy --all -- -D warnings	2026-07-18T14:30:10.3799200Z ^[[1m^[[92m    Checking^[[0m tracing v0.1.44
clippy	Run cargo clippy --all -- -D warnings	2026-07-18T14:30:10.4369777Z ^[[1m^[[92m    Checking^[[0m icu_provider v2.2.0
clippy	Run cargo clippy --all -- -D warnings	2026-07-18T14:30:10.4863932Z ^[[1m^[[92m    Checking^[[0m icu_collections v2.2.0
clippy	Run cargo clippy --all -- -D warnings	2026-07-18T14:30:10.5972591Z ^[[1m^[[92m   Compiling^[[0m futures-macro v0.3.32
clippy	Run cargo clippy --all -- -D warnings	2026-07-18T14:30:10.7115698Z ^[[1m^[[92m    Checking^[[0m icu_properties v2.2.0
clippy	Run cargo clippy --all -- -D warnings	2026-07-18T14:30:10.8382841Z ^[[1m^[[92m    Checking^[[0m icu_normalizer v2.2.0
clippy	Run cargo clippy --all -- -D warnings	2026-07-18T14:30:11.0439317Z ^[[1m^[[92m   Compiling^[[0m tokio-macros v2.7.0
clippy	Run cargo clippy --all -- -D warnings	2026-07-18T14:30:11.2337021Z ^[[1m^[[92m    Checking^[[0m futures-util v0.3.32
clippy	Run cargo clippy --all -- -D warnings	2026-07-18T14:30:11.5019857Z ^[[1m^[[92m    Checking^[[0m tokio v1.52.4
clippy	Run cargo clippy --all -- -D warnings	2026-07-18T14:30:11.5700201Z ^[[1m^[[92m    Checking^[[0m idna_adapter v1.2.2
clippy	Run cargo clippy --all -- -D warnings	2026-07-18T14:30:11.6169915Z ^[[1m^[[92m    Checking^[[0m sip-core v0.1.0 (/home/runner/work/sip/sip/crates/sip-core)
clippy	Run cargo clippy --all -- -D warnings	2026-07-18T14:30:11.8756460Z ^[[1m^[[92m    Checking^[[0m idna v1.1.0
clippy	Run cargo clippy --all -- -D warnings	2026-07-18T14:30:12.0664693Z ^[[1m^[[92m    Checking^[[0m rand_chacha v0.3.1
clippy	Run cargo clippy --all -- -D warnings	2026-07-18T14:30:12.1785122Z ^[[1m^[[92m    Checking^[[0m typenum v1.20.1
clippy	Run cargo clippy --all -- -D warnings	2026-07-18T14:30:12.6122527Z ^[[1m^[[92m   Compiling^[[0m rustls v0.23.42
clippy	Run cargo clippy --all -- -D warnings	2026-07-18T14:30:13.0083613Z ^[[1m^[[92m    Checking^[[0m rand v0.8.7
clippy	Run cargo clippy --all -- -D warnings	2026-07-18T14:30:13.3501535Z ^[[1m^[[92m    Checking^[[0m url v2.5.8
clippy	Run cargo clippy --all -- -D warnings	2026-07-18T14:30:13.3630529Z ^[[1m^[[92m   Compiling^[[0m enum-as-inner v0.6.1
clippy	Run cargo clippy --all -- -D warnings	2026-07-18T14:30:13.6414685Z ^[[1m^[[92m   Compiling^[[0m async-trait v0.1.89
clippy	Run cargo clippy --all -- -D warnings	2026-07-18T14:30:13.6739791Z ^[[1m^[[92m    Checking^[[0m idna v0.4.0
clippy	Run cargo clippy --all -- -D warnings	2026-07-18T14:30:13.9104759Z ^[[1m^[[92m    Checking^[[0m data-encoding v2.11.0
clippy	Run cargo clippy --all -- -D warnings	2026-07-18T14:30:14.0630562Z ^[[1m^[[92m    Checking^[[0m linked-hash-map v0.5.6
clippy	Run cargo clippy --all -- -D warnings	2026-07-18T14:30:14.1458637Z ^[[1m^[[92m    Checking^[[0m log v0.4.33
clippy	Run cargo clippy --all -- -D warnings	2026-07-18T14:30:14.2179142Z ^[[1m^[[92m    Checking^[[0m ipnet v2.12.0
clippy	Run cargo clippy --all -- -D warnings	2026-07-18T14:30:14.3673877Z ^[[1m^[[92m    Checking^[[0m lru-cache v0.1.2
clippy	Run cargo clippy --all -- -D warnings	2026-07-18T14:30:14.4084473Z ^[[1m^[[92m    Checking^[[0m futures-executor v0.3.32
clippy	Run cargo clippy --all -- -D warnings	2026-07-18T14:30:14.4190983Z ^[[1m^[[92m    Checking^[[0m webpki-roots v1.0.8
clippy	Run cargo clippy --all -- -D warnings	2026-07-18T14:30:14.4675327Z ^[[1m^[[92m    Checking^[[0m resolv-conf v0.7.6
clippy	Run cargo clippy --all -- -D warnings	2026-07-18T14:30:14.4778824Z ^[[1m^[[92m    Checking^[[0m webpki-roots v0.26.11
clippy	Run cargo clippy --all -- -D warnings	2026-07-18T14:30:14.4973914Z ^[[1m^[[92m    Checking^[[0m futures v0.3.32
clippy	Run cargo clippy --all -- -D warnings	2026-07-18T14:30:14.5242350Z ^[[1m^[[92m    Checking^[[0m crypto-common v0.1.7
clippy	Run cargo clippy --all -- -D warnings	2026-07-18T14:30:14.5632016Z ^[[1m^[[92m    Checking^[[0m block-buffer v0.10.4
clippy	Run cargo clippy --all -- -D warnings	2026-07-18T14:30:14.5685093Z ^[[1m^[[92m    Checking^[[0m sip-message v0.1.0 (/home/runner/work/sip/sip/crates/sip-message)
clippy	Run cargo clippy --all -- -D warnings	2026-07-18T14:30:14.6183534Z ^[[1m^[[92m    Checking^[[0m digest v0.10.7
clippy	Run cargo clippy --all -- -D warnings	2026-07-18T14:30:14.6713492Z ^[[1m^[[92m    Checking^[[0m trust-dns-proto v0.23.2
clippy	Run cargo clippy --all -- -D warnings	2026-07-18T14:30:14.7569394Z ^[[1m^[[92m    Checking^[[0m tokio-util v0.7.18
clippy	Run cargo clippy --all -- -D warnings	2026-07-18T14:30:14.8952369Z ^[[1m^[[91merror^[[0m^[[1m: manual implementation of `Option::filter`^[[0m
clippy	Run cargo clippy --all -- -D warnings	2026-07-18T14:30:14.8954265Z    ^[[1m^[[94m--> ^[[0mcrates/sip-message/src/headers/via.rs:207:26
clippy	Run cargo clippy --all -- -D warnings	2026-07-18T14:30:14.8955260Z     ^[[1m^[[94m|^[[0m
clippy	Run cargo clippy --all -- -D warnings	2026-07-18T14:30:14.8956383Z ^[[1m^[[94m207^[[0m ^[[1m^[[94m|^[[0m             rport: rport.and_then(|p| if p == 0 { None } else { Some(p) }),
clippy	Run cargo clippy --all -- -D warnings	2026-07-18T14:30:14.8958273Z     ^[[1m^[[94m|^[[0m                          ^[[1m^[[91m^^^^^^^^^^^^^^^^^^^^^^^^^^^^^^^^^^^^^^^^^^^^^^^^^^[[0m ^[[1m^[[91mhelp: try: `filter(|&p| p != 0)`^[[0m
clippy	Run cargo clippy --all -- -D warnings	2026-07-18T14:30:14.8959472Z     ^[[1m^[[94m|^[[0m
clippy	Run cargo clippy --all -- -D warnings	2026-07-18T14:30:14.8960952Z     ^[[1m^[[94m= ^[[0m^[[1mhelp^[[0m: for further information visit https://rust-lang.github.io/rust-clippy/rust-1.97.0/index.html#manual_filter
clippy	Run cargo clippy --all -- -D warnings	2026-07-18T14:30:14.8962871Z     ^[[1m^[[94m= ^[[0m^[[1mnote^[[0m: `-D clippy::manual-filter` implied by `-D warnings`
clippy	Run cargo clippy --all -- -D warnings	2026-07-18T14:30:14.8964309Z     ^[[1m^[[94m= ^[[0m^[[1mhelp^[[0m: to override `-D warnings` add `#[allow(clippy::manual_filter)]`
clippy	Run cargo clippy --all -- -D warnings	2026-07-18T14:30:14.8965260Z 
clippy	Run cargo clippy --all -- -D warnings	2026-07-18T14:30:14.9774971Z ^[[1m^[[92m    Checking^[[0m md-5 v0.10.6
clippy	Run cargo clippy --all -- -D warnings	2026-07-18T14:30:15.0152584Z ^[[1m^[[91merror^[[0m: could not compile `sip-message` (lib) due to 1 previous error
clippy	Run cargo clippy --all -- -D warnings	2026-07-18T14:30:15.0153318Z ^[[1m^[[33mwarning^[[0m: build failed, waiting for other jobs to finish...
clippy	Run cargo clippy --all -- -D warnings	2026-07-18T14:30:40.6742932Z ##[error]Process completed with exit code 101.
